[backblue.gif]
[fade.gif]
[index.html]
[ajax.googleapis.com/ajax/libs/jquery/1.9.1/jquery.min.js]
[127.0.0.1/static/javascript/image.js]
[127.0.0.1/static/img/home_pic.png]
[127.0.0.1/index.html]
[127.0.0.1/static/css/flexible-grids.css]
[127.0.0.1/static/img/research_ges.png]
[127.0.0.1/static/img/research_vsp.png]
[127.0.0.1/static/img/research_dmi.png]
[127.0.0.1/research/index.html]
[127.0.0.1/static/attachment/aaai.pdf]
[127.0.0.1/static/attachment/CBMS2017.pdf]
[127.0.0.1/static/attachment/alzheimer_cog_decline.pdf]
[127.0.0.1/static/attachment/2.pdf]
[127.0.0.1/static/attachment/4.pdf]
[127.0.0.1/static/attachment/5AMDScotomaPaper.pdf]
[127.0.0.1/static/attachment/6.pdf]
[127.0.0.1/static/attachment/8.pdf]
[127.0.0.1/static/attachment/11.pdf]
[127.0.0.1/static/attachment/13.pdf]
[127.0.0.1/static/attachment/15.pdf]
[127.0.0.1/static/attachment/17.pdf]
[127.0.0.1/static/attachment/18.pdf]
[127.0.0.1/static/attachment/19.pdf]
[127.0.0.1/static/attachment/21.pdf]
[127.0.0.1/static/attachment/22.pdf]
[127.0.0.1/static/attachment/23.pdf]
[127.0.0.1/static/attachment/24.pdf]
[127.0.0.1/static/attachment/25.pdf]
[127.0.0.1/static/attachment/26.pdf]
[127.0.0.1/static/attachment/27.pdf]
[127.0.0.1/static/attachment/28.pdf]
[127.0.0.1/static/attachment/30ConvolutionalNeuralNetwork.pdf]
[127.0.0.1/static/attachment/32.pdf]
[127.0.0.1/static/attachment/34.pdf]
[127.0.0.1/static/attachment/36.pdf]
[127.0.0.1/static/attachment/38.pdf]
[127.0.0.1/static/attachment/39.pdf]
[127.0.0.1/static/attachment/42SaccadesInChildrenWithSpinaBifidaAndChiariTypeIImalformation.pdf]
[127.0.0.1/static/attachment/43.pdf]
[127.0.0.1/static/attachment/46.pdf]
[127.0.0.1/static/attachment/45.pdf]
[127.0.0.1/publications.html]
[127.0.0.1/static/img/eizenman.png]
[127.0.0.1/people.html]
[127.0.0.1/collaborations.html]
[127.0.0.1/contact.html]
[127.0.0.1/opportunities.html]
[127.0.0.1/static/yaml/core/base.css]
[127.0.0.1/static/yaml/navigation/hlist.css]
[127.0.0.1/static/yaml/forms/gray-theme.css]
[127.0.0.1/static/yaml/screen/typography.css]
[127.0.0.1/static/yaml/screen/screen-FULLPAGE-layout.css]
[127.0.0.1/static/yaml/print/print.css]
[127.0.0.1/static/img/research_ges/remote.png]
[127.0.0.1/static/img/research_ges/head_mounted.png]
[127.0.0.1/research/ges.html]
[127.0.0.1/static/img/research_vsp/neuropsyc.png]
[127.0.0.1/static/img/research_vsp/cognition.png]
[127.0.0.1/research/vsp.html]
[127.0.0.1/static/img/research_dmi/baby.png]
[127.0.0.1/static/img/research_dmi/eye.png]
[127.0.0.1/static/img/research_dmi/ab.png]
[127.0.0.1/research/dmi.html]
[127.0.0.1/people/jonathan.html]
[127.0.0.1/participate.html]
[127.0.0.1/publications60ee.html]
[127.0.0.1/collaborations60ee.html]
[127.0.0.1/publications6fc8.html]
[127.0.0.1/collaborations6fc8.html]
[127.0.0.1/publications6f90.html]
[127.0.0.1/collaborations6f90.html]
