[backblue.gif]
[fade.gif]
[index.html]
[ajax.googleapis.com/ajax/libs/jquery/1.9.1/jquery.min.js]
[www.eizenman.ca/static/javascript/image.js]
[www.eizenman.ca/static/img/home_pic.png]
[www.eizenman.ca/index.html]
[www.eizenman.ca/static/css/flexible-grids.css]
[www.eizenman.ca/static/img/research_ges.png]
[www.eizenman.ca/static/img/research_vsp.png]
[www.eizenman.ca/static/img/research_dmi.png]
[www.eizenman.ca/research/index.html]
[www.eizenman.ca/static/attachment/CBMS2017.pdf]
[www.eizenman.ca/static/attachment/alzheimer_cog_decline.pdf]
[www.eizenman.ca/static/attachment/2.pdf]
[www.eizenman.ca/static/attachment/4.pdf]
[www.eizenman.ca/static/attachment/5AMDScotomaPaper.pdf]
[www.eizenman.ca/static/attachment/6.pdf]
[www.eizenman.ca/static/attachment/8.pdf]
[www.eizenman.ca/static/attachment/11.pdf]
[www.eizenman.ca/static/attachment/13.pdf]
[www.eizenman.ca/static/attachment/15.pdf]
[www.eizenman.ca/static/attachment/17.pdf]
[www.eizenman.ca/static/attachment/18.pdf]
[www.eizenman.ca/static/attachment/19.pdf]
[www.eizenman.ca/static/attachment/21.pdf]
[www.eizenman.ca/static/attachment/22.pdf]
[www.eizenman.ca/static/attachment/23.pdf]
[www.eizenman.ca/static/attachment/24.pdf]
[www.eizenman.ca/static/attachment/25.pdf]
[www.eizenman.ca/static/attachment/26.pdf]
[www.eizenman.ca/static/attachment/27.pdf]
[www.eizenman.ca/static/attachment/28.pdf]
[www.eizenman.ca/static/attachment/30ConvolutionalNeuralNetwork.pdf]
[www.eizenman.ca/static/attachment/32.pdf]
[www.eizenman.ca/static/attachment/34.pdf]
[www.eizenman.ca/publications.html]
[www.eizenman.ca/people.html]
[www.eizenman.ca/collaborations.html]
[www.eizenman.ca/contact.html]
[www.eizenman.ca/opportunities.html]
[www.eizenman.ca/static/yaml/core/base.css]
[www.eizenman.ca/static/yaml/navigation/hlist.css]
[www.eizenman.ca/static/yaml/forms/gray-theme.css]
[www.eizenman.ca/static/yaml/screen/typography.css]
[www.eizenman.ca/static/yaml/screen/screen-FULLPAGE-layout.css]
[www.eizenman.ca/static/yaml/print/print.css]
[www.eizenman.ca/research/ges.html]
[www.eizenman.ca/research/vsp.html]
[www.eizenman.ca/research/dmi.html]
[www.eizenman.ca/static/attachment/aaai.html]
[www.eizenman.ca/static/attachment/5AMDScotomaPaper.pdf]
